BL51 BANKED LINKER/LOCATER V6.22                                                        01/29/2017  13:09:41  PAGE 1


BL51 BANKED LINKER/LOCATER V6.22, INVOKED BY:
C:\PROGRAM FILES\KEIL_C51\C51\BIN\BL51.EXE .\Objects\STARTUP.obj, .\Objects\control_box_firmware.obj TO .\Objects\contro
>> l_box PRINT (.\Listings\control_box.m51) RAMSIZE (256)


MEMORY MODEL: SMALL


INPUT MODULES INCLUDED:
  .\Objects\STARTUP.obj (?C_STARTUP)
  .\Objects\control_box_firmware.obj (CONTROL_BOX_FIRMWARE)
  C:\PROGRAM FILES\KEIL_C51\C51\LIB\C51S.LIB (?C_INIT)


LINK MAP OF MODULE:  .\Objects\control_box (?C_STARTUP)


            TYPE    BASE      LENGTH    RELOCATION   SEGMENT NAME
            -----------------------------------------------------

            * * * * * * *   D A T A   M E M O R Y   * * * * * * *
            REG     0000H     0008H     ABSOLUTE     "REG BANK 0"
            DATA    0008H     0002H     UNIT         _DATA_GROUP_
                    000AH     0016H                  *** GAP ***
            BIT     0020H.0   0000H.2   UNIT         ?BI?CONTROL_BOX_FIRMWARE
                    0020H.2   0000H.6                *** GAP ***
            DATA    0021H     0048H     UNIT         ?DT?CONTROL_BOX_FIRMWARE
            IDATA   0069H     0001H     UNIT         ?STACK

            * * * * * * *   C O D E   M E M O R Y   * * * * * * *
            CODE    0000H     0003H     ABSOLUTE     
                    0003H     07FDH                  *** GAP ***
            CODE    0800H     008CH     UNIT         ?C_C51STARTUP
            CODE    088CH     003BH     UNIT         ?PR?BUTTONPRESS?CONTROL_BOX_FIRMWARE
            CODE    08C7H     0033H     UNIT         ?PR?MAIN?CONTROL_BOX_FIRMWARE
            CODE    08FAH     002EH     UNIT         ?C_INITSEG
            CODE    0928H     001EH     UNIT         ?PR?_DELAY?CONTROL_BOX_FIRMWARE
            CODE    0946H     0009H     UNIT         ?PR?LEDS_UPDATE?CONTROL_BOX_FIRMWARE
            CODE    094FH     0009H     UNIT         ?PR?TIMER_INIT?CONTROL_BOX_FIRMWARE
            CODE    0958H     0006H     UNIT         ?PR?BUTTON_CHECK?CONTROL_BOX_FIRMWARE



OVERLAY MAP OF MODULE:   .\Objects\control_box (?C_STARTUP)


SEGMENT                                         DATA_GROUP 
  +--> CALLED SEGMENT                         START    LENGTH
-------------------------------------------------------------
?C_C51STARTUP                                 -----    -----
  +--> ?PR?MAIN?CONTROL_BOX_FIRMWARE
  +--> ?C_INITSEG

?PR?MAIN?CONTROL_BOX_FIRMWARE                 0008H    0002H
  +--> ?PR?_DELAY?CONTROL_BOX_FIRMWARE



BL51 BANKED LINKER/LOCATER V6.22                                                      01/29/2017  13:09:41  PAGE 2


SYMBOL TABLE OF MODULE:  .\Objects\control_box (?C_STARTUP)

  VALUE           TYPE          NAME
  ----------------------------------

  -------         MODULE        ?C_STARTUP
  C:0800H         SEGMENT       ?C_C51STARTUP
  I:0069H         SEGMENT       ?STACK
  C:0000H         PUBLIC        ?C_STARTUP
  D:00E0H         SYMBOL        ACC
  D:00F0H         SYMBOL        B
  D:0083H         SYMBOL        DPH
  D:0082H         SYMBOL        DPL
  N:0000H         SYMBOL        IBPSTACK
  N:0100H         SYMBOL        IBPSTACKTOP
  N:0080H         SYMBOL        IDATALEN
  C:0803H         SYMBOL        IDATALOOP
  N:0000H         SYMBOL        PBPSTACK
  N:0100H         SYMBOL        PBPSTACKTOP
  N:0000H         SYMBOL        PDATALEN
  N:0000H         SYMBOL        PDATASTART
  N:0000H         SYMBOL        PPAGE
  N:0000H         SYMBOL        PPAGEENABLE
  D:00A0H         SYMBOL        PPAGE_SFR
  D:0081H         SYMBOL        SP
  C:0800H         SYMBOL        STARTUP1
  N:0000H         SYMBOL        XBPSTACK
  N:0000H         SYMBOL        XBPSTACKTOP
  N:0000H         SYMBOL        XDATALEN
  N:0000H         SYMBOL        XDATASTART
  C:0000H         LINE#         126
  C:0800H         LINE#         133
  C:0802H         LINE#         134
  C:0803H         LINE#         135
  C:0804H         LINE#         136
  C:0806H         LINE#         185
  C:0809H         LINE#         196
  -------         ENDMOD        ?C_STARTUP

  -------         MODULE        CONTROL_BOX_FIRMWARE
  C:0000H         SYMBOL        _ICE_DUMMY_
  D:0080H         PUBLIC        P0
  D:0090H         PUBLIC        P1
  C:0958H         PUBLIC        button_check
  D:00A0H         PUBLIC        P2
  D:0024H         PUBLIC        IN_COUNT
  D:00B0H         PUBLIC        P3
  D:00C0H         PUBLIC        P4
  D:00C8H         PUBLIC        P5
  D:00E8H         PUBLIC        P6
  D:00F8H         PUBLIC        P7
  D:00A8H         PUBLIC        IE
  B:0020H.0       PUBLIC        sw10B
  C:088CH         PUBLIC        ButtonPress
  C:0928H         PUBLIC        _delay
  C:0946H         PUBLIC        leds_update
  D:00B8H         PUBLIC        IP
BL51 BANKED LINKER/LOCATER V6.22                                                      01/29/2017  13:09:41  PAGE 3


  D:0026H         PUBLIC        DIVISOR
  D:00D8H         PUBLIC        CCON
  C:08C7H         PUBLIC        main
  D:00BBH         PUBLIC        P4SW
  D:002AH         PUBLIC        input
  D:0098H         PUBLIC        SCON
  D:003DH         PUBLIC        output
  D:0089H         PUBLIC        TMOD
  D:0088H         PUBLIC        TCON
  B:00C0H.5       PUBLIC        LED10
  D:005BH         PUBLIC        crc
  C:094FH         PUBLIC        timer_init
  D:005FH         PUBLIC        remainder
  B:00A0H.4       PUBLIC        sw10
  D:008DH         PUBLIC        TH1
  B:0088H.6       PUBLIC        TR1
  D:0061H         PUBLIC        xor_value
  D:0065H         PUBLIC        OUT_COUNT
  B:0020H.1       PUBLIC        sw9B
  D:0067H         PUBLIC        i
  D:00D0H         PUBLIC        PSW
  -------         PROC          MAIN
  -------         DO            
  D:0008H         SYMBOL        count10
  -------         ENDDO         
  C:08C7H         LINE#         110
  C:08C7H         LINE#         111
  C:08CAH         LINE#         113
  C:08CAH         LINE#         114
  C:08CFH         LINE#         115
  C:08D2H         LINE#         116
  C:08DFH         LINE#         117
  C:08EAH         LINE#         118
  C:08ECH         LINE#         119
  C:08ECH         LINE#         140
  C:08F3H         LINE#         141
  C:08F8H         LINE#         143
  -------         ENDPROC       MAIN
  -------         PROC          _DELAY
  D:0006H         SYMBOL        x
  -------         DO            
  D:0006H         SYMBOL        a
  D:0004H         SYMBOL        b
  -------         ENDDO         
  C:0928H         LINE#         146
  C:0928H         LINE#         149
  C:0931H         LINE#         150
  C:0935H         LINE#         151
  C:0935H         LINE#         152
  C:093EH         LINE#         153
  C:0945H         LINE#         154
  -------         ENDPROC       _DELAY
  -------         PROC          BUTTON_CHECK
  C:0958H         LINE#         212
  C:0958H         LINE#         213
  C:095DH         LINE#         214
  -------         ENDPROC       BUTTON_CHECK
BL51 BANKED LINKER/LOCATER V6.22                                                      01/29/2017  13:09:41  PAGE 4


  -------         PROC          BUTTONPRESS
  -------         DO            
  D:0021H         SYMBOL        buttonState
  D:0023H         SYMBOL        buttonPressEnabled
  -------         ENDDO         
  C:088CH         LINE#         216
  C:088CH         LINE#         217
  C:088CH         LINE#         221
  C:088FH         LINE#         222
  C:088FH         LINE#         223
  C:089AH         LINE#         224
  C:089AH         LINE#         225
  C:08A2H         LINE#         226
  C:08A4H         LINE#         227
  C:08A8H         LINE#         228
  C:08A8H         LINE#         229
  C:08ABH         LINE#         230
  C:08ADH         LINE#         231
  C:08ADH         LINE#         232
  C:08ADH         LINE#         233
  C:08B8H         LINE#         234
  C:08B8H         LINE#         235
  C:08C0H         LINE#         237
  C:08C2H         LINE#         239
  C:08C2H         LINE#         240
  C:08C5H         LINE#         241
  C:08C5H         LINE#         243
  C:08C6H         LINE#         244
  -------         ENDPROC       BUTTONPRESS
  -------         PROC          LEDS_UPDATE
  C:0946H         LINE#         246
  C:0946H         LINE#         247
  C:0949H         LINE#         248
  C:094BH         LINE#         249
  C:094CH         LINE#         250
  C:094CH         LINE#         251
  C:094EH         LINE#         252
  C:094EH         LINE#         253
  -------         ENDPROC       LEDS_UPDATE
  -------         PROC          TIMER_INIT
  C:094FH         LINE#         377
  C:094FH         LINE#         378
  C:0952H         LINE#         379
  C:0955H         LINE#         381
  C:0957H         LINE#         382
  -------         ENDPROC       TIMER_INIT
  -------         ENDMOD        CONTROL_BOX_FIRMWARE

*** WARNING L16: UNCALLED SEGMENT, IGNORED FOR OVERLAY PROCESS
    SEGMENT: ?PR?BUTTON_CHECK?CONTROL_BOX_FIRMWARE

*** WARNING L16: UNCALLED SEGMENT, IGNORED FOR OVERLAY PROCESS
    SEGMENT: ?PR?LEDS_UPDATE?CONTROL_BOX_FIRMWARE

*** WARNING L16: UNCALLED SEGMENT, IGNORED FOR OVERLAY PROCESS
    SEGMENT: ?PR?TIMER_INIT?CONTROL_BOX_FIRMWARE

BL51 BANKED LINKER/LOCATER V6.22                                                      01/29/2017  13:09:41  PAGE 5


******************************************************************************
* RESTRICTED VERSION WITH 0800H BYTE CODE SIZE LIMIT; USED: 00E0H BYTE (10%) *
******************************************************************************

Program Size: data=83.2 xdata=0 code=353
LINK/LOCATE RUN COMPLETE.  3 WARNING(S),  0 ERROR(S)
