BL51 BANKED LINKER/LOCATER V6.22                                                        02/04/2017  20:33:32  PAGE 1


BL51 BANKED LINKER/LOCATER V6.22, INVOKED BY:
C:\PROGRAM FILES\KEIL_V5\C51\BIN\BL51.EXE .\Objects\STARTUP.obj, .\Objects\control_box_firmware.obj TO .\Objects\control
>> _box PRINT (.\Listings\control_box.m51) RAMSIZE (256)


MEMORY MODEL: SMALL


INPUT MODULES INCLUDED:
  .\Objects\STARTUP.obj (?C_STARTUP)
  .\Objects\control_box_firmware.obj (CONTROL_BOX_FIRMWARE)
  C:\PROGRAM FILES\KEIL_V5\C51\LIB\C51S.LIB (?C_INIT)
  C:\PROGRAM FILES\KEIL_V5\C51\LIB\C51S.LIB (?C?CLDPTR)


LINK MAP OF MODULE:  .\Objects\control_box (?C_STARTUP)


            TYPE    BASE      LENGTH    RELOCATION   SEGMENT NAME
            -----------------------------------------------------

            * * * * * * *   D A T A   M E M O R Y   * * * * * * *
            REG     0000H     0008H     ABSOLUTE     "REG BANK 0"
            REG     0008H     0008H     ABSOLUTE     "REG BANK 1"
            DATA    0010H     000EH     UNIT         ?DT?CONTROL_BOX_FIRMWARE
                    001EH     0002H                  *** GAP ***
            BIT     0020H.0   0000H.3   UNIT         ?BI?CONTROL_BOX_FIRMWARE
                    0020H.3   0000H.5                *** GAP ***
            DATA    0021H     0003H     UNIT         _DATA_GROUP_
            IDATA   0024H     0001H     UNIT         ?STACK

            * * * * * * *   C O D E   M E M O R Y   * * * * * * *
            CODE    0000H     0003H     ABSOLUTE     
                    0003H     0020H                  *** GAP ***
            CODE    0023H     0003H     ABSOLUTE     
                    0026H     07DAH                  *** GAP ***
            CODE    0800H     008CH     UNIT         ?C_C51STARTUP
            CODE    088CH     0050H     UNIT         ?PR?UART_ISR?CONTROL_BOX_FIRMWARE
            CODE    08DCH     0041H     UNIT         ?PR?MAIN?CONTROL_BOX_FIRMWARE
            CODE    091DH     0025H     UNIT         ?PR?_SENDSTRING?CONTROL_BOX_FIRMWARE
            CODE    0942H     001EH     UNIT         ?PR?_DELAY?CONTROL_BOX_FIRMWARE
            CODE    0960H     0019H     UNIT         ?C?LIB_CODE
            CODE    0979H     000DH     UNIT         ?C_INITSEG
            CODE    0986H     0008H     UNIT         ?PR?_SENDDATA?CONTROL_BOX_FIRMWARE



OVERLAY MAP OF MODULE:   .\Objects\control_box (?C_STARTUP)


SEGMENT                                        DATA_GROUP 
  +--> CALLED SEGMENT                        START    LENGTH
------------------------------------------------------------
?C_C51STARTUP                                -----    -----
  +--> ?PR?MAIN?CONTROL_BOX_FIRMWARE
  +--> ?C_INITSEG

?PR?MAIN?CONTROL_BOX_FIRMWARE                -----    -----
BL51 BANKED LINKER/LOCATER V6.22                                                      02/04/2017  20:33:32  PAGE 2


  +--> ?PR?_DELAY?CONTROL_BOX_FIRMWARE
  +--> ?PR?_SENDSTRING?CONTROL_BOX_FIRMWARE

?PR?_SENDSTRING?CONTROL_BOX_FIRMWARE         0021H    0003H
  +--> ?PR?_SENDDATA?CONTROL_BOX_FIRMWARE



SYMBOL TABLE OF MODULE:  .\Objects\control_box (?C_STARTUP)

  VALUE           TYPE          NAME
  ----------------------------------

  -------         MODULE        ?C_STARTUP
  C:0800H         SEGMENT       ?C_C51STARTUP
  I:0024H         SEGMENT       ?STACK
  C:0000H         PUBLIC        ?C_STARTUP
  D:00E0H         SYMBOL        ACC
  D:00F0H         SYMBOL        B
  D:0083H         SYMBOL        DPH
  D:0082H         SYMBOL        DPL
  N:0000H         SYMBOL        IBPSTACK
  N:0100H         SYMBOL        IBPSTACKTOP
  N:0080H         SYMBOL        IDATALEN
  C:0803H         SYMBOL        IDATALOOP
  N:0000H         SYMBOL        PBPSTACK
  N:0100H         SYMBOL        PBPSTACKTOP
  N:0000H         SYMBOL        PDATALEN
  N:0000H         SYMBOL        PDATASTART
  N:0000H         SYMBOL        PPAGE
  N:0000H         SYMBOL        PPAGEENABLE
  D:00A0H         SYMBOL        PPAGE_SFR
  D:0081H         SYMBOL        SP
  C:0800H         SYMBOL        STARTUP1
  N:0000H         SYMBOL        XBPSTACK
  N:0000H         SYMBOL        XBPSTACKTOP
  N:0000H         SYMBOL        XDATALEN
  N:0000H         SYMBOL        XDATASTART
  C:0000H         LINE#         126
  C:0800H         LINE#         133
  C:0802H         LINE#         134
  C:0803H         LINE#         135
  C:0804H         LINE#         136
  C:0806H         LINE#         185
  C:0809H         LINE#         196
  -------         ENDMOD        ?C_STARTUP

  -------         MODULE        CONTROL_BOX_FIRMWARE
  C:0000H         SYMBOL        _ICE_DUMMY_
  D:0080H         PUBLIC        P0
  D:0090H         PUBLIC        P1
  D:00A0H         PUBLIC        P2
  D:00B0H         PUBLIC        P3
  D:00C0H         PUBLIC        P4
  D:00C8H         PUBLIC        P5
  B:00A8H.7       PUBLIC        EA
  D:00E8H         PUBLIC        P6
BL51 BANKED LINKER/LOCATER V6.22                                                      02/04/2017  20:33:32  PAGE 3


  D:00F8H         PUBLIC        P7
  C:091DH         PUBLIC        _SendString
  C:0986H         PUBLIC        _SendData
  B:0020H.0       PUBLIC        storing
  D:00A8H         PUBLIC        IE
  C:0942H         PUBLIC        _delay
  B:00A8H.4       PUBLIC        ES
  D:00B8H         PUBLIC        IP
  D:0010H         PUBLIC        index
  B:0098H.0       PUBLIC        RI
  B:0098H.1       PUBLIC        TI
  D:00D8H         PUBLIC        CCON
  C:08DCH         PUBLIC        main
  C:088CH         PUBLIC        Uart_Isr
  D:0099H         PUBLIC        SBUF
  D:0012H         PUBLIC        input
  D:0098H         PUBLIC        SCON
  D:0089H         PUBLIC        TMOD
  D:0088H         PUBLIC        TCON
  B:0020H.1       PUBLIC        busy
  D:008DH         PUBLIC        TH1
  B:0088H.6       PUBLIC        TR1
  B:0020H.2       PUBLIC        inputChanged
  D:001CH         PUBLIC        i
  D:00D0H         PUBLIC        PSW
  -------         PROC          MAIN
  C:08DCH         LINE#         94
  C:08DCH         LINE#         95
  C:08DCH         LINE#         96
  C:08E1H         LINE#         97
  C:08E9H         LINE#         98
  C:08F7H         LINE#         99
  C:08FAH         LINE#         100
  C:08FDH         LINE#         101
  C:0900H         LINE#         102
  C:0902H         LINE#         103
  C:0904H         LINE#         104
  C:0906H         LINE#         105
  C:0906H         LINE#         106
  C:090DH         LINE#         107
  C:0910H         LINE#         108
  C:0919H         LINE#         109
  C:091BH         LINE#         110
  C:091BH         LINE#         111
  -------         ENDPROC       MAIN
  -------         PROC          UART_ISR
  -------         DO            
  D:000FH         SYMBOL        c
  -------         ENDDO         
  C:088CH         LINE#         117
  C:0893H         LINE#         120
  C:0896H         LINE#         121
  C:0898H         LINE#         122
  C:089AH         LINE#         123
  C:089DH         LINE#         124
  C:089FH         LINE#         125
  C:08A5H         LINE#         126
BL51 BANKED LINKER/LOCATER V6.22                                                      02/04/2017  20:33:32  PAGE 4


  C:08AAH         LINE#         127
  C:08B1H         LINE#         128
  C:08B9H         LINE#         129
  C:08B9H         LINE#         130
  C:08C6H         LINE#         131
  C:08C8H         LINE#         132
  C:08CEH         LINE#         133
  C:08D0H         LINE#         134
  C:08D0H         LINE#         135
  C:08D0H         LINE#         137
  C:08D3H         LINE#         138
  C:08D5H         LINE#         139
  C:08D7H         LINE#         140
  C:08D7H         LINE#         141
  -------         ENDPROC       UART_ISR
  -------         PROC          _SENDDATA
  D:0007H         SYMBOL        dat
  C:0986H         LINE#         148
  C:0986H         LINE#         149
  C:0986H         LINE#         150
  C:0989H         LINE#         151
  C:098BH         LINE#         152
  C:098DH         LINE#         153
  -------         ENDPROC       _SENDDATA
  -------         PROC          _SENDSTRING
  D:0021H         SYMBOL        s
  C:091DH         LINE#         160
  C:0923H         LINE#         161
  C:0923H         LINE#         162
  C:092EH         LINE#         163
  C:092EH         LINE#         164
  C:093FH         LINE#         165
  C:0941H         LINE#         166
  -------         ENDPROC       _SENDSTRING
  -------         PROC          _DELAY
  D:0006H         SYMBOL        x
  -------         DO            
  D:0006H         SYMBOL        a
  D:0004H         SYMBOL        b
  -------         ENDDO         
  C:0942H         LINE#         168
  C:0942H         LINE#         171
  C:094BH         LINE#         172
  C:094FH         LINE#         173
  C:094FH         LINE#         174
  C:0958H         LINE#         175
  C:095FH         LINE#         176
  -------         ENDPROC       _DELAY
  -------         ENDMOD        CONTROL_BOX_FIRMWARE

  -------         MODULE        ?C?CLDPTR
  C:0960H         PUBLIC        ?C?CLDPTR
  -------         ENDMOD        ?C?CLDPTR

******************************************************************************
* RESTRICTED VERSION WITH 0800H BYTE CODE SIZE LIMIT; USED: 00FAH BYTE (12%) *
******************************************************************************
BL51 BANKED LINKER/LOCATER V6.22                                                      02/04/2017  20:33:32  PAGE 5



Program Size: data=34.3 xdata=0 code=404
LINK/LOCATE RUN COMPLETE.  0 WARNING(S),  0 ERROR(S)
